// Jest Snapshot v1, https://goo.gl/fbAQLP

exports[`<Main /> should render the heading 1`] = `
<main
  class="styles__Wrapper-gFLbW bVvjHF"
>
  <img
    alt="Imagem de um átomo e React Avançado escrito ao lado."
    class="styles__Logo-bRSKZq jwTkiS"
    src="/img/logo.svg"
  />
  <h1
    class="styles__Title-cLnNeh ewmOBe"
  >
    React Avançado
  </h1>
  <h2
    class="styles__Description-emvCfD CGqRp"
  >
    Typescript, ReactJS, NextJS, Styled Components
  </h2>
  <img
    alt="Um desenvolvedor de frente para tela com código"
    class="styles__Illustration-fziNnF eOLoFf"
    src="/img/hero-illustration.svg"
  />
</main>
`
